
Discarded input sections

 .data          0x0000000000000000        0x0 start.o
 .bss           0x0000000000000000        0x0 start.o
 .data          0x0000000000000000        0x0 cpu_init.o
 .bss           0x0000000000000000        0x0 cpu_init.o
 .text          0x0000000000000000        0x0 nand_boot.o
 .data          0x0000000000000000        0x0 nand_boot.o
 .bss           0x0000000000000000        0x0 nand_boot.o
 .data          0x0000000000000000        0x0 lowlevel_init.o
 .bss           0x0000000000000000        0x0 lowlevel_init.o
 .text          0x0000000000000000        0x0 nand_ecc.o
 .data          0x0000000000000000        0x0 nand_ecc.o
 .bss           0x0000000000000000        0x0 nand_ecc.o
 .text.nand_correct_data
                0x0000000000000000      0x128 nand_ecc.o
 .text          0x0000000000000000        0x0 s3c64xx.o
 .text          0x0000000000000000        0x0 smdk6410_nand_spl.o
 .data          0x0000000000000000        0x0 smdk6410_nand_spl.o
 .bss           0x0000000000000000        0x0 smdk6410_nand_spl.o
 .text          0x0000000000000000        0x0 nand_base.o
 .data          0x0000000000000000      0x920 nand_base.o
 .bss           0x0000000000000000        0x0 nand_base.o
 .text.nand_release_device
                0x0000000000000000       0x18 nand_base.o
 .text.nand_read_byte16
                0x0000000000000000       0x14 nand_base.o
 .text.nand_read_word
                0x0000000000000000       0x10 nand_base.o
 .text.nand_verify_buf
                0x0000000000000000       0x44 nand_base.o
 .text.nand_write_buf16
                0x0000000000000000       0x34 nand_base.o
 .text.nand_read_buf16
                0x0000000000000000       0x34 nand_base.o
 .text.nand_verify_buf16
                0x0000000000000000       0x48 nand_base.o
 .text.nand_check_wp
                0x0000000000000000       0x50 nand_base.o
 .text.nand_read_page_raw
                0x0000000000000000       0x38 nand_base.o
 .text.nand_read_page_raw_syndrome
                0x0000000000000000       0xd4 nand_base.o
 .text.nand_read_page_swecc
                0x0000000000000000      0x110 nand_base.o
 .text.nand_read_subpage
                0x0000000000000000      0x288 nand_base.o
 .text.nand_read_page_hwecc
                0x0000000000000000      0x140 nand_base.o
 .text.nand_read_page_hwecc_oob_first
                0x0000000000000000      0x13c nand_base.o
 .text.nand_read_page_syndrome
                0x0000000000000000      0x128 nand_base.o
 .text.nand_read_oob_std
                0x0000000000000000       0x48 nand_base.o
 .text.nand_read_oob_syndrome
                0x0000000000000000      0x108 nand_base.o
 .text.nand_write_oob_std
                0x0000000000000000       0x70 nand_base.o
 .text.nand_write_oob_syndrome
                0x0000000000000000      0x1b0 nand_base.o
 .text.nand_write_page_raw
                0x0000000000000000       0x34 nand_base.o
 .text.nand_write_page_raw_syndrome
                0x0000000000000000       0xd0 nand_base.o
 .text.nand_write_page_swecc
                0x0000000000000000       0xb0 nand_base.o
 .text.nand_write_page_hwecc
                0x0000000000000000       0xc8 nand_base.o
 .text.nand_write_page_syndrome
                0x0000000000000000       0xf4 nand_base.o
 .text.single_erase_cmd
                0x0000000000000000       0x3c nand_base.o
 .text.multi_erase_cmd
                0x0000000000000000       0x88 nand_base.o
 .text.nand_sync
                0x0000000000000000       0x10 nand_base.o
 .text.nand_block_checkbad
                0x0000000000000000       0x84 nand_base.o
 .text.nand_block_isbad
                0x0000000000000000       0x34 nand_base.o
 .text.nand_block_markbad
                0x0000000000000000       0x40 nand_base.o
 .text.nand_write_page
                0x0000000000000000       0xa8 nand_base.o
 .text.nand_block_bad
                0x0000000000000000      0x150 nand_base.o
 .text.nand_wait
                0x0000000000000000       0xdc nand_base.o
 .text.generic_ffs.part.0
                0x0000000000000000       0x44 nand_base.o
 .text.nand_select_chip
                0x0000000000000000       0x58 nand_base.o
 .text.nand_fill_oob
                0x0000000000000000      0x110 nand_base.o
 .text.nand_do_write_oob
                0x0000000000000000      0x1b8 nand_base.o
 .text.nand_default_block_markbad
                0x0000000000000000      0x174 nand_base.o
 .text.nand_do_write_ops
                0x0000000000000000      0x344 nand_base.o
 .text.nand_write_oob
                0x0000000000000000       0x9c nand_base.o
 .text.nand_write
                0x0000000000000000       0x8c nand_base.o
 .text.nand_transfer_oob
                0x0000000000000000      0x110 nand_base.o
 .text.nand_wait_ready
                0x0000000000000000       0x4c nand_base.o
 .text.nand_do_read_ops
                0x0000000000000000      0x3c4 nand_base.o
 .text.nand_read_oob
                0x0000000000000000      0x2a0 nand_base.o
 .text.nand_read
                0x0000000000000000       0x8c nand_base.o
 .text.nand_command
                0x0000000000000000      0x1d8 nand_base.o
 .text.nand_command_lp
                0x0000000000000000      0x264 nand_base.o
 .text.nand_erase_nand
                0x0000000000000000      0x404 nand_base.o
 .text.nand_erase
                0x0000000000000000        0x8 nand_base.o
 .text.nand_scan_ident
                0x0000000000000000      0x7e0 nand_base.o
 .text.nand_scan_tail
                0x0000000000000000      0x5ac nand_base.o
 .text.nand_scan
                0x0000000000000000       0x24 nand_base.o
 .text.nand_release
                0x0000000000000000       0x44 nand_base.o
 .rodata        0x0000000000000000       0x64 nand_base.o
 .rodata.str1.1
                0x0000000000000000      0x286 nand_base.o

Memory Configuration

Name             Origin             Length             Attributes
*default*        0x0000000000000000 0xffffffffffffffff

Linker script and memory map

                0x0000000000000000                . = 0x0
                0x0000000000000000                . = ALIGN (0x4)

.text           0x0000000000000000      0x488
 start.o(.text)
 .text          0x0000000000000000      0x180 start.o
                0x0000000000000000                _start
                0x0000000000000040                _end_vect
                0x0000000000000040                _TEXT_BASE
                0x0000000000000048                _bss_start_ofs
                0x000000000000004c                _bss_end_ofs
                0x0000000000000050                _end_ofs
                0x0000000000000054                IRQ_STACK_START_IN
                0x0000000000000088                relocate_code
 cpu_init.o(.text)
 .text          0x0000000000000180      0x124 cpu_init.o
                0x0000000000000180                mem_ctrl_asm_init
 nand_boot.o(.text)
 *(.text)
 .text          0x00000000000002a4      0x1e4 lowlevel_init.o
                0x00000000000002a8                lowlevel_init

.glue_7         0x0000000000000488        0x0
 .glue_7        0x0000000000000000        0x0 linker stubs

.glue_7t        0x0000000000000488        0x0
 .glue_7t       0x0000000000000000        0x0 linker stubs

.vfp11_veneer   0x0000000000000488        0x0
 .vfp11_veneer  0x0000000000000000        0x0 linker stubs

.v4_bx          0x0000000000000488        0x0
 .v4_bx         0x0000000000000000        0x0 linker stubs

.text.nand_command.constprop.0
                0x0000000000000488       0xec
 .text.nand_command.constprop.0
                0x0000000000000488       0xec nand_boot.o

.text.nand_load
                0x0000000000000574      0x180
 .text.nand_load
                0x0000000000000574      0x180 nand_boot.o

.text.nand_boot
                0x00000000000006f4       0x9c
 .text.nand_boot
                0x00000000000006f4       0x9c nand_boot.o
                0x00000000000006f4                nand_boot

.text.s3c_nand_select_chip
                0x0000000000000790       0x40
 .text.s3c_nand_select_chip
                0x0000000000000790       0x40 s3c64xx.o

.text.s3c_nand_device_ready
                0x00000000000007d0       0x14
 .text.s3c_nand_device_ready
                0x00000000000007d0       0x14 s3c64xx.o

.text.s3c_nand_enable_hwecc
                0x00000000000007e4       0x40
 .text.s3c_nand_enable_hwecc
                0x00000000000007e4       0x40 s3c64xx.o

.text.s3c_nand_calculate_ecc
                0x0000000000000824       0x3c
 .text.s3c_nand_calculate_ecc
                0x0000000000000824       0x3c s3c64xx.o

.text.s3c_nand_correct_data
                0x0000000000000860       0x5c
 .text.s3c_nand_correct_data
                0x0000000000000860       0x5c s3c64xx.o

.text.s3c_nand_hwcontrol
                0x00000000000008bc       0x80
 .text.s3c_nand_hwcontrol
                0x00000000000008bc       0x80 s3c64xx.o

.text.board_nand_init
                0x000000000000093c       0xf0
 .text.board_nand_init
                0x000000000000093c       0xf0 s3c64xx.o
                0x000000000000093c                board_nand_init

.text.board_init_f
                0x0000000000000a2c       0x18
 .text.board_init_f
                0x0000000000000a2c       0x18 smdk6410_nand_spl.o
                0x0000000000000a2c                board_init_f

.text.nand_read_byte
                0x0000000000000a44       0x14
 .text.nand_read_byte
                0x0000000000000a44       0x14 nand_base.o
                0x0000000000000a44                nand_read_byte

.text.nand_write_buf
                0x0000000000000a58       0x2c
 .text.nand_write_buf
                0x0000000000000a58       0x2c nand_base.o
                0x0000000000000a58                nand_write_buf

.text.nand_read_buf
                0x0000000000000a84       0x2c
 .text.nand_read_buf
                0x0000000000000a84       0x2c nand_base.o
                0x0000000000000a84                nand_read_buf
                0x0000000000000ab0                . = ALIGN (0x4)

.rodata         0x0000000000000ab0       0x60
 *(SORT(.rodata*))
 .rodata        0x0000000000000ab0       0x60 nand_boot.o
                0x0000000000000b10                . = ALIGN (0x4)

.data           0x0000000000000b10        0x8
 *(.data)
 .data          0x0000000000000b10        0x8 s3c64xx.o
                0x0000000000000b18                . = ALIGN (0x4)

.got
 *(.got)
                0x0000000000000b18                __u_boot_cmd_start = .

.u_boot_cmd
 *(.u_boot_cmd)
                0x0000000000000b18                __u_boot_cmd_end = .
                0x0000000000000b18                . = ALIGN (0x4)

.rel.dyn        0x0000000000000b18        0x0
                0x0000000000000b18                __rel_dyn_start = .
 *(.rel*)
                0x0000000000000b18                __rel_dyn_end = .

.dynsym         0x0000000000000b18        0x0
                0x0000000000000b18                __dynsym_start = .
 *(.dynsym)
                0x0000000000000b18                _end = .

.bss            0x0000000000000b18        0x4
                0x0000000000000b18                __bss_start = .
 *(.bss)
 .bss           0x0000000000000b18        0x4 s3c64xx.o
                0x0000000000000b1c                . = ALIGN (0x4)
                0x0000000000000b1c                __bss_end__ = .
Address of section .text set to 0x0
LOAD start.o
LOAD cpu_init.o
LOAD lowlevel_init.o
LOAD nand_boot.o
LOAD nand_ecc.o
LOAD s3c64xx.o
LOAD smdk6410_nand_spl.o
LOAD nand_base.o
OUTPUT(/home/houstar/GitRepo/u-boot/nand_spl/u-boot-spl elf32-littlearm)

.ARM.attributes
                0x0000000000000000       0x2a
 .ARM.attributes
                0x0000000000000000       0x1e start.o
 .ARM.attributes
                0x000000000000001e       0x1e cpu_init.o
 .ARM.attributes
                0x000000000000003c       0x2c nand_boot.o
 .ARM.attributes
                0x0000000000000068       0x1e lowlevel_init.o
 .ARM.attributes
                0x0000000000000086       0x2c nand_ecc.o
 .ARM.attributes
                0x00000000000000b2       0x2c s3c64xx.o
 .ARM.attributes
                0x00000000000000de       0x2c smdk6410_nand_spl.o
 .ARM.attributes
                0x000000000000010a       0x2c nand_base.o

.comment        0x0000000000000000       0x11
 .comment       0x0000000000000000       0x11 nand_boot.o
                                         0x12 (size before relaxing)
 .comment       0x0000000000000000       0x12 nand_ecc.o
 .comment       0x0000000000000000       0x12 s3c64xx.o
 .comment       0x0000000000000000       0x12 smdk6410_nand_spl.o
 .comment       0x0000000000000000       0x12 nand_base.o

.note.GNU-stack
                0x0000000000000000        0x0
 .note.GNU-stack
                0x0000000000000000        0x0 nand_boot.o
 .note.GNU-stack
                0x0000000000000000        0x0 nand_ecc.o
 .note.GNU-stack
                0x0000000000000000        0x0 s3c64xx.o
 .note.GNU-stack
                0x0000000000000000        0x0 smdk6410_nand_spl.o
 .note.GNU-stack
                0x0000000000000000        0x0 nand_base.o

.debug_line     0x0000000000000000     0x19c1
 .debug_line    0x0000000000000000       0x88 start.o
 .debug_line    0x0000000000000088       0x7c cpu_init.o
 .debug_line    0x0000000000000104      0x1f9 nand_boot.o
 .debug_line    0x00000000000002fd       0xaf lowlevel_init.o
 .debug_line    0x00000000000003ac      0x170 nand_ecc.o
 .debug_line    0x000000000000051c      0x250 s3c64xx.o
 .debug_line    0x000000000000076c      0x107 smdk6410_nand_spl.o
 .debug_line    0x0000000000000873     0x114e nand_base.o

.debug_info     0x0000000000000000     0x9b66
 .debug_info    0x0000000000000000       0x6d start.o
 .debug_info    0x000000000000006d       0x70 cpu_init.o
 .debug_info    0x00000000000000dd     0x18d0 nand_boot.o
 .debug_info    0x00000000000019ad       0x75 lowlevel_init.o
 .debug_info    0x0000000000001a22      0xb3e nand_ecc.o
 .debug_info    0x0000000000002560     0x171f s3c64xx.o
 .debug_info    0x0000000000003c7f      0x49d smdk6410_nand_spl.o
 .debug_info    0x000000000000411c     0x5a4a nand_base.o

.debug_abbrev   0x0000000000000000      0xfd0
 .debug_abbrev  0x0000000000000000       0x14 start.o
 .debug_abbrev  0x0000000000000014       0x14 cpu_init.o
 .debug_abbrev  0x0000000000000028      0x319 nand_boot.o
 .debug_abbrev  0x0000000000000341       0x14 lowlevel_init.o
 .debug_abbrev  0x0000000000000355      0x1df nand_ecc.o
 .debug_abbrev  0x0000000000000534      0x321 s3c64xx.o
 .debug_abbrev  0x0000000000000855      0x142 smdk6410_nand_spl.o
 .debug_abbrev  0x0000000000000997      0x639 nand_base.o

.debug_aranges  0x0000000000000000      0x300
 .debug_aranges
                0x0000000000000000       0x20 start.o
 .debug_aranges
                0x0000000000000020       0x20 cpu_init.o
 .debug_aranges
                0x0000000000000040       0x30 nand_boot.o
 .debug_aranges
                0x0000000000000070       0x20 lowlevel_init.o
 .debug_aranges
                0x0000000000000090       0x20 nand_ecc.o
 .debug_aranges
                0x00000000000000b0       0x50 s3c64xx.o
 .debug_aranges
                0x0000000000000100       0x20 smdk6410_nand_spl.o
 .debug_aranges
                0x0000000000000120      0x1e0 nand_base.o

.debug_loc      0x0000000000000000     0x4db5
 .debug_loc     0x0000000000000000      0x3f9 nand_boot.o
 .debug_loc     0x00000000000003f9      0x2d0 nand_ecc.o
 .debug_loc     0x00000000000006c9      0x47a s3c64xx.o
 .debug_loc     0x0000000000000b43       0x41 smdk6410_nand_spl.o
 .debug_loc     0x0000000000000b84     0x4231 nand_base.o

.debug_ranges   0x0000000000000000      0x608
 .debug_ranges  0x0000000000000000       0x80 nand_boot.o
 .debug_ranges  0x0000000000000080       0x10 nand_ecc.o
 .debug_ranges  0x0000000000000090       0x58 s3c64xx.o
 .debug_ranges  0x00000000000000e8       0x10 smdk6410_nand_spl.o
 .debug_ranges  0x00000000000000f8      0x510 nand_base.o

.debug_str      0x0000000000000000     0x11c3
 .debug_str     0x0000000000000000      0x7a2 nand_boot.o
                                        0x980 (size before relaxing)
 .debug_str     0x00000000000007a2       0x37 nand_ecc.o
                                        0x5b5 (size before relaxing)
 .debug_str     0x00000000000007d9      0x101 s3c64xx.o
                                        0x9d1 (size before relaxing)
 .debug_str     0x00000000000008da       0xf9 smdk6410_nand_spl.o
                                        0x311 (size before relaxing)
 .debug_str     0x00000000000009d3      0x7f0 nand_base.o
                                       0x1135 (size before relaxing)

.debug_frame    0x0000000000000000      0x87c
 .debug_frame   0x0000000000000000       0x78 nand_boot.o
 .debug_frame   0x0000000000000078       0x30 nand_ecc.o
 .debug_frame   0x00000000000000a8       0x8c s3c64xx.o
 .debug_frame   0x0000000000000134       0x28 smdk6410_nand_spl.o
 .debug_frame   0x000000000000015c      0x720 nand_base.o
